Date: 2020-11-13 00:33:57.131365