Date: 2020-11-27 11:14:50.837932

Case [1]:
> was given input: '-name frederik'
> was given definitions: '{'name': <class 'str'>}'
> returned with status 'True'
> returned with parsed args: {'name': 'frederik'}
Case [2]:
> was given input: '-name frederik'
> was given definitions: '{'name': <class 'str'>}'
> returned with status 'True'
> returned with parsed args: {'name': 'frederik'}
Case [3]:
> was given input: '-name '
> was given definitions: '{'name': <class 'str'>}'
> returned with status 'False'
> returned with parsed args: {}
0/3 Tests failed